Hi i'm a human
